// Vitest Snapshot v1, https://vitest.dev/guide/snapshot.html

exports[`ArrivalByTimeChart > matches snapshot 1`] = `
<DocumentFragment>
  <div
    class="chart"
  >
    <div>
      <h3
        class="title"
      >
        אגד
      </h3>
      <div
        class="recharts-responsive-container"
        style="width: 800px; height: 800px; min-width: 0;"
      >
        <div
          class="recharts-wrapper"
          role="region"
          style="position: relative; cursor: default; width: 800px; height: 800px;"
        >
          <svg
            class="recharts-surface"
            height="800"
            viewBox="0 0 800 800"
            width="800"
          >
            <title />
            <desc />
            <defs>
              <clippath
                id="recharts1-clip"
              >
                <rect
                  height="760"
                  width="690"
                  x="80"
                  y="5"
                />
              </clippath>
            </defs>
            <g
              class="recharts-cartesian-grid"
            >
              <g
                class="recharts-cartesian-grid-horizontal"
              >
                <line
                  fill="none"
                  height="760"
                  stroke="#ccc"
                  stroke-dasharray="3 3"
                  width="690"
                  x="80"
                  x1="80"
                  x2="770"
                  y="5"
                  y1="765"
                  y2="765"
                />
                <line
                  fill="none"
                  height="760"
                  stroke="#ccc"
                  stroke-dasharray="3 3"
                  width="690"
                  x="80"
                  x1="80"
                  x2="770"
                  y="5"
                  y1="575"
                  y2="575"
                />
                <line
                  fill="none"
                  height="760"
                  stroke="#ccc"
                  stroke-dasharray="3 3"
                  width="690"
                  x="80"
                  x1="80"
                  x2="770"
                  y="5"
                  y1="385"
                  y2="385"
                />
                <line
                  fill="none"
                  height="760"
                  stroke="#ccc"
                  stroke-dasharray="3 3"
                  width="690"
                  x="80"
                  x1="80"
                  x2="770"
                  y="5"
                  y1="195"
                  y2="195"
                />
                <line
                  fill="none"
                  height="760"
                  stroke="#ccc"
                  stroke-dasharray="3 3"
                  width="690"
                  x="80"
                  x1="80"
                  x2="770"
                  y="5"
                  y1="5"
                  y2="5"
                />
              </g>
              <g
                class="recharts-cartesian-grid-vertical"
              >
                <line
                  fill="none"
                  height="760"
                  stroke="#ccc"
                  stroke-dasharray="3 3"
                  width="690"
                  x="80"
                  x1="80"
                  x2="80"
                  y="5"
                  y1="5"
                  y2="765"
                />
                <line
                  fill="none"
                  height="760"
                  stroke="#ccc"
                  stroke-dasharray="3 3"
                  width="690"
                  x="80"
                  x1="195"
                  x2="195"
                  y="5"
                  y1="5"
                  y2="765"
                />
                <line
                  fill="none"
                  height="760"
                  stroke="#ccc"
                  stroke-dasharray="3 3"
                  width="690"
                  x="80"
                  x1="310"
                  x2="310"
                  y="5"
                  y1="5"
                  y2="765"
                />
                <line
                  fill="none"
                  height="760"
                  stroke="#ccc"
                  stroke-dasharray="3 3"
                  width="690"
                  x="80"
                  x1="425"
                  x2="425"
                  y="5"
                  y1="5"
                  y2="765"
                />
                <line
                  fill="none"
                  height="760"
                  stroke="#ccc"
                  stroke-dasharray="3 3"
                  width="690"
                  x="80"
                  x1="540"
                  x2="540"
                  y="5"
                  y1="5"
                  y2="765"
                />
                <line
                  fill="none"
                  height="760"
                  stroke="#ccc"
                  stroke-dasharray="3 3"
                  width="690"
                  x="80"
                  x1="655"
                  x2="655"
                  y="5"
                  y1="5"
                  y2="765"
                />
                <line
                  fill="none"
                  height="760"
                  stroke="#ccc"
                  stroke-dasharray="3 3"
                  width="690"
                  x="80"
                  x1="770"
                  x2="770"
                  y="5"
                  y1="5"
                  y2="765"
                />
              </g>
            </g>
            <g
              class="recharts-layer recharts-cartesian-axis recharts-xAxis xAxis"
            >
              <line
                class="recharts-cartesian-axis-line"
                fill="none"
                height="30"
                orientation="bottom"
                stroke="#666"
                width="690"
                x="80"
                x1="80"
                x2="770"
                y="765"
                y1="765"
                y2="765"
              />
              <g
                class="recharts-cartesian-axis-ticks"
              >
                <g
                  class="recharts-layer recharts-cartesian-axis-tick"
                >
                  <line
                    class="recharts-cartesian-axis-tick-line"
                    fill="none"
                    height="30"
                    orientation="bottom"
                    stroke="#666"
                    width="690"
                    x="80"
                    x1="80"
                    x2="80"
                    y="765"
                    y1="771"
                    y2="765"
                  />
                  <text
                    class="recharts-text recharts-cartesian-axis-tick-value"
                    fill="#666"
                    height="30"
                    orientation="bottom"
                    stroke="none"
                    text-anchor="middle"
                    width="690"
                    x="80"
                    y="773"
                  >
                    <tspan
                      dy="0.71em"
                      x="80"
                    >
                      2024-01-22
                    </tspan>
                  </text>
                </g>
                <g
                  class="recharts-layer recharts-cartesian-axis-tick"
                >
                  <line
                    class="recharts-cartesian-axis-tick-line"
                    fill="none"
                    height="30"
                    orientation="bottom"
                    stroke="#666"
                    width="690"
                    x="80"
                    x1="195"
                    x2="195"
                    y="765"
                    y1="771"
                    y2="765"
                  />
                  <text
                    class="recharts-text recharts-cartesian-axis-tick-value"
                    fill="#666"
                    height="30"
                    orientation="bottom"
                    stroke="none"
                    text-anchor="middle"
                    width="690"
                    x="195"
                    y="773"
                  >
                    <tspan
                      dy="0.71em"
                      x="195"
                    >
                      2024-01-23
                    </tspan>
                  </text>
                </g>
                <g
                  class="recharts-layer recharts-cartesian-axis-tick"
                >
                  <line
                    class="recharts-cartesian-axis-tick-line"
                    fill="none"
                    height="30"
                    orientation="bottom"
                    stroke="#666"
                    width="690"
                    x="80"
                    x1="310"
                    x2="310"
                    y="765"
                    y1="771"
                    y2="765"
                  />
                  <text
                    class="recharts-text recharts-cartesian-axis-tick-value"
                    fill="#666"
                    height="30"
                    orientation="bottom"
                    stroke="none"
                    text-anchor="middle"
                    width="690"
                    x="310"
                    y="773"
                  >
                    <tspan
                      dy="0.71em"
                      x="310"
                    >
                      2024-01-24
                    </tspan>
                  </text>
                </g>
                <g
                  class="recharts-layer recharts-cartesian-axis-tick"
                >
                  <line
                    class="recharts-cartesian-axis-tick-line"
                    fill="none"
                    height="30"
                    orientation="bottom"
                    stroke="#666"
                    width="690"
                    x="80"
                    x1="425"
                    x2="425"
                    y="765"
                    y1="771"
                    y2="765"
                  />
                  <text
                    class="recharts-text recharts-cartesian-axis-tick-value"
                    fill="#666"
                    height="30"
                    orientation="bottom"
                    stroke="none"
                    text-anchor="middle"
                    width="690"
                    x="425"
                    y="773"
                  >
                    <tspan
                      dy="0.71em"
                      x="425"
                    >
                      2024-01-25
                    </tspan>
                  </text>
                </g>
                <g
                  class="recharts-layer recharts-cartesian-axis-tick"
                >
                  <line
                    class="recharts-cartesian-axis-tick-line"
                    fill="none"
                    height="30"
                    orientation="bottom"
                    stroke="#666"
                    width="690"
                    x="80"
                    x1="540"
                    x2="540"
                    y="765"
                    y1="771"
                    y2="765"
                  />
                  <text
                    class="recharts-text recharts-cartesian-axis-tick-value"
                    fill="#666"
                    height="30"
                    orientation="bottom"
                    stroke="none"
                    text-anchor="middle"
                    width="690"
                    x="540"
                    y="773"
                  >
                    <tspan
                      dy="0.71em"
                      x="540"
                    >
                      2024-01-26
                    </tspan>
                  </text>
                </g>
                <g
                  class="recharts-layer recharts-cartesian-axis-tick"
                >
                  <line
                    class="recharts-cartesian-axis-tick-line"
                    fill="none"
                    height="30"
                    orientation="bottom"
                    stroke="#666"
                    width="690"
                    x="80"
                    x1="655"
                    x2="655"
                    y="765"
                    y1="771"
                    y2="765"
                  />
                  <text
                    class="recharts-text recharts-cartesian-axis-tick-value"
                    fill="#666"
                    height="30"
                    orientation="bottom"
                    stroke="none"
                    text-anchor="middle"
                    width="690"
                    x="655"
                    y="773"
                  >
                    <tspan
                      dy="0.71em"
                      x="655"
                    >
                      2024-01-27
                    </tspan>
                  </text>
                </g>
                <g
                  class="recharts-layer recharts-cartesian-axis-tick"
                >
                  <line
                    class="recharts-cartesian-axis-tick-line"
                    fill="none"
                    height="30"
                    orientation="bottom"
                    stroke="#666"
                    width="690"
                    x="80"
                    x1="770"
                    x2="770"
                    y="765"
                    y1="771"
                    y2="765"
                  />
                  <text
                    class="recharts-text recharts-cartesian-axis-tick-value"
                    fill="#666"
                    height="30"
                    orientation="bottom"
                    stroke="none"
                    text-anchor="middle"
                    width="690"
                    x="770"
                    y="773"
                  >
                    <tspan
                      dy="0.71em"
                      x="770"
                    >
                      2024-01-28
                    </tspan>
                  </text>
                </g>
              </g>
            </g>
            <g
              class="recharts-layer recharts-cartesian-axis recharts-yAxis yAxis"
            >
              <line
                class="recharts-cartesian-axis-line"
                fill="none"
                height="760"
                orientation="left"
                stroke="#666"
                width="60"
                x="20"
                x1="80"
                x2="80"
                y="5"
                y1="5"
                y2="765"
              />
              <g
                class="recharts-cartesian-axis-ticks"
              >
                <g
                  class="recharts-layer recharts-cartesian-axis-tick"
                >
                  <line
                    class="recharts-cartesian-axis-tick-line"
                    fill="none"
                    height="760"
                    orientation="left"
                    stroke="#666"
                    width="60"
                    x="20"
                    x1="74"
                    x2="80"
                    y="5"
                    y1="765"
                    y2="765"
                  />
                  <text
                    class="recharts-text recharts-cartesian-axis-tick-value"
                    fill="#666"
                    height="760"
                    orientation="left"
                    stroke="none"
                    text-anchor="end"
                    width="60"
                    x="72"
                    y="765"
                  >
                    <tspan
                      dy="0.355em"
                      x="72"
                    >
                      0
                    </tspan>
                  </text>
                </g>
                <g
                  class="recharts-layer recharts-cartesian-axis-tick"
                >
                  <line
                    class="recharts-cartesian-axis-tick-line"
                    fill="none"
                    height="760"
                    orientation="left"
                    stroke="#666"
                    width="60"
                    x="20"
                    x1="74"
                    x2="80"
                    y="5"
                    y1="575"
                    y2="575"
                  />
                  <text
                    class="recharts-text recharts-cartesian-axis-tick-value"
                    fill="#666"
                    height="760"
                    orientation="left"
                    stroke="none"
                    text-anchor="end"
                    width="60"
                    x="72"
                    y="575"
                  >
                    <tspan
                      dy="0.355em"
                      x="72"
                    >
                      25
                    </tspan>
                  </text>
                </g>
                <g
                  class="recharts-layer recharts-cartesian-axis-tick"
                >
                  <line
                    class="recharts-cartesian-axis-tick-line"
                    fill="none"
                    height="760"
                    orientation="left"
                    stroke="#666"
                    width="60"
                    x="20"
                    x1="74"
                    x2="80"
                    y="5"
                    y1="385"
                    y2="385"
                  />
                  <text
                    class="recharts-text recharts-cartesian-axis-tick-value"
                    fill="#666"
                    height="760"
                    orientation="left"
                    stroke="none"
                    text-anchor="end"
                    width="60"
                    x="72"
                    y="385"
                  >
                    <tspan
                      dy="0.355em"
                      x="72"
                    >
                      50
                    </tspan>
                  </text>
                </g>
                <g
                  class="recharts-layer recharts-cartesian-axis-tick"
                >
                  <line
                    class="recharts-cartesian-axis-tick-line"
                    fill="none"
                    height="760"
                    orientation="left"
                    stroke="#666"
                    width="60"
                    x="20"
                    x1="74"
                    x2="80"
                    y="5"
                    y1="195"
                    y2="195"
                  />
                  <text
                    class="recharts-text recharts-cartesian-axis-tick-value"
                    fill="#666"
                    height="760"
                    orientation="left"
                    stroke="none"
                    text-anchor="end"
                    width="60"
                    x="72"
                    y="195"
                  >
                    <tspan
                      dy="0.355em"
                      x="72"
                    >
                      75
                    </tspan>
                  </text>
                </g>
                <g
                  class="recharts-layer recharts-cartesian-axis-tick"
                >
                  <line
                    class="recharts-cartesian-axis-tick-line"
                    fill="none"
                    height="760"
                    orientation="left"
                    stroke="#666"
                    width="60"
                    x="20"
                    x1="74"
                    x2="80"
                    y="5"
                    y1="5"
                    y2="5"
                  />
                  <text
                    class="recharts-text recharts-cartesian-axis-tick-value"
                    fill="#666"
                    height="760"
                    orientation="left"
                    stroke="none"
                    text-anchor="end"
                    width="60"
                    x="72"
                    y="5"
                  >
                    <tspan
                      dy="0.355em"
                      x="72"
                    >
                      100
                    </tspan>
                  </text>
                </g>
              </g>
            </g>
            <g
              class="recharts-layer recharts-line"
            >
              <path
                class="recharts-curve recharts-line-curve"
                d="M80,13.312204822271903C118.33333333333334,12.917232158102403,156.66666666666666,12.522259493932903,195,12.522259493932903C233.33333333333334,12.522259493932903,271.6666666666667,12.761739192205733,310,13.24069858875139C348.3333333333333,13.719657985297049,386.6666666666667,14.202265344915102,425,15.468147905222622C463.3333333333333,16.734030465530143,501.6666666666667,18.72561280436551,540,20.835993950596517C578.3333333333334,22.946375096827524,616.6666666666666,28.13043478260865,655,28.13043478260865C693.3333333333334,28.13043478260865,731.6666666666666,25.520540703957877,770,22.910646625307105"
                fill="none"
                height="760"
                stroke="#8884d8"
                stroke-dasharray="0px 0px"
                stroke-width="1"
                width="690"
              />
            </g>
          </svg>
          <div
            class="recharts-legend-wrapper"
            style="position: absolute; width: 750px; height: auto; left: 20px; bottom: 5px;"
          >
            <ul
              class="recharts-default-legend"
              style="padding: 0px; margin: 0px; text-align: center;"
            >
              <li
                class="recharts-legend-item legend-item-0"
                style="display: inline-block; margin-right: 10px;"
              >
                <svg
                  class="recharts-surface"
                  height="14"
                  style="display: inline-block; vertical-align: middle; margin-right: 4px;"
                  viewBox="0 0 32 32"
                  width="14"
                >
                  <title />
                  <desc />
                  <path
                    class="recharts-legend-icon"
                    d="M0,16h10.666666666666666
            A5.333333333333333,5.333333333333333,0,1,1,21.333333333333332,16
            H32M21.333333333333332,16
            A5.333333333333333,5.333333333333333,0,1,1,10.666666666666666,16"
                    fill="none"
                    stroke="#8884d8"
                    stroke-width="4"
                  />
                </svg>
                <span
                  class="recharts-legend-item-text"
                  style="color: rgb(136, 132, 216);"
                >
                  percent
                </span>
              </li>
            </ul>
          </div>
          <div
            class="recharts-tooltip-wrapper"
            role="dialog"
            style="transform: translate(undefinedpx, undefinedpx); pointer-events: none; visibility: hidden; position: absolute; top: 0px; left: 0px;"
            tabindex="-1"
          />
        </div>
      </div>
    </div>
  </div>
</DocumentFragment>
`;
